00:00.061  translation      | WARNING Falling back to standard locale ("C")
00:00.244  blend            | Read blend: "/Volumes/CatDisk/codes/catgray/CatGrayWiki/logo/ip/model_3d/CatGray_IP.blend"
SAMPLED_CLIP Idle_Breathe 73
SAMPLED_CLIP Wave 97
SAMPLED_CLIP Walk_InPlace 37
INFO Draco is available, use library at /Applications/Blender.app/Contents/Resources/5.2/scripts/addons_core/io_scene_gltf2/libbf_intern_draco_bridge.dylib
INFO MeshOptimizer is available, use library at /Applications/Blender.app/Contents/Resources/5.2/scripts/addons_core/io_scene_gltf2/libbf_intern_meshopt_bridge.dylib
15:37:01 | INFO: Starting glTF 2.0 export
15:37:01 | INFO: Extracting primitive: Arm L • independent rounded limb
15:37:01 | INFO: Primitives created: 1
15:37:01 | INFO: Extracting primitive: Arm R • independent rounded limb
15:37:01 | INFO: Primitives created: 1
15:37:02 | INFO: Extracting primitive: Body volume • torso and broad neck
15:37:02 | INFO: Primitives created: 1
15:37:02 | WARNING: There are more than 4 joint vertex influences.The 4 with highest weight will be used (and normalized).
15:37:03 | INFO: Extracting primitive: Ear L • reference gray shell and smaller pink inset
15:37:03 | INFO: Primitives created: 2
15:37:03 | INFO: Extracting primitive: Ear R • reference gray shell and smaller pink inset
15:37:03 | INFO: Primitives created: 2
15:37:03 | INFO: Extracting primitive: Eye L • amber outer edge
15:37:03 | INFO: Primitives created: 1
15:37:03 | INFO: Extracting primitive: Sphere
15:37:03 | INFO: Primitives created: 1
15:37:03 | INFO: Extracting primitive: Sphere.001
15:37:03 | INFO: Primitives created: 1
15:37:03 | INFO: Extracting primitive: Eye L • charcoal socket
15:37:03 | INFO: Primitives created: 1
15:37:03 | INFO: Extracting primitive: Eye L • honey crescent
15:37:03 | INFO: Primitives created: 1
15:37:03 | INFO: Extracting primitive: Eye L • orange iris
15:37:03 | INFO: Primitives created: 1
15:37:03 | INFO: Extracting primitive: Eye L • pupil
15:37:03 | INFO: Primitives created: 1
15:37:03 | INFO: Extracting primitive: Eye R • amber outer edge
15:37:03 | INFO: Primitives created: 1
15:37:03 | INFO: Extracting primitive: Sphere.002
15:37:03 | INFO: Primitives created: 1
15:37:03 | INFO: Extracting primitive: Sphere.003
15:37:03 | INFO: Primitives created: 1
15:37:03 | INFO: Extracting primitive: Eye R • charcoal socket
15:37:03 | INFO: Primitives created: 1
15:37:03 | INFO: Extracting primitive: Eye R • honey crescent
15:37:03 | INFO: Primitives created: 1
15:37:03 | INFO: Extracting primitive: Eye R • orange iris
15:37:03 | INFO: Primitives created: 1
15:37:03 | INFO: Extracting primitive: Eye R • pupil
15:37:03 | INFO: Primitives created: 1
15:37:03 | INFO: Extracting primitive: Face • little charcoal nose
15:37:03 | INFO: Primitives created: 1
15:37:03 | INFO: Extracting primitive: Face • philtrum
15:37:03 | INFO: Primitives created: 1
15:37:03 | INFO: Extracting primitive: Face • pink tongue
15:37:03 | INFO: Primitives created: 1
15:37:03 | INFO: Extracting primitive: Face • pink tongue • perimeter
15:37:03 | INFO: Primitives created: 1
15:37:03 | INFO: Extracting primitive: Face • smile L
15:37:03 | INFO: Primitives created: 1
15:37:03 | INFO: Extracting primitive: Face • smile R
15:37:03 | INFO: Primitives created: 1
15:37:03 | INFO: Extracting primitive: Head • continuous shaped surface
15:37:03 | INFO: Primitives created: 1
15:37:03 | INFO: Extracting primitive: Tail • continuous upright curl
15:37:03 | INFO: Primitives created: 1
15:37:03 | INFO: Extracting primitive: Sphere.004
15:37:03 | INFO: Primitives created: 1
15:37:03 | INFO: Finished glTF 2.0 export in 2.061199188232422 s

ANIMATED_GLB_EXPORTED [{"clip": "Idle_Breathe", "maximum_baked_pose_matrix_error": 4.488229751586914e-05}, {"clip": "Wave", "maximum_baked_pose_matrix_error": 0.0007669925689697266}, {"clip": "Walk_InPlace", "maximum_baked_pose_matrix_error": 4.2632222175598145e-05}]
Blender 5.2.1 LTS (hash 9e2066aef7ef built 2026-08-25 01:35:57)

Blender quit
