00:00.063  translation      | WARNING Falling back to standard locale ("C")
/Volumes/CatDisk/codes/catgray/CatGrayWiki/logo/ip/model_3d/build_cat.py:48: DeprecationWarning: 'Material.use_nodes' is expected to be removed in Blender 6.0
  mat.use_nodes = True
RENDER_DEVICE METAL ['Apple M4 (GPU - 10 cores)']
/Volumes/CatDisk/codes/catgray/CatGrayWiki/logo/ip/model_3d/build_cat.py:415: DeprecationWarning: 'World.use_nodes' is expected to be removed in Blender 6.0
  scene.world.use_nodes=True
Info: Saved as "CatGray_IP.blend"
INFO Draco is available, use library at /Applications/Blender.app/Contents/Resources/5.2/scripts/addons_core/io_scene_gltf2/libbf_intern_draco_bridge.dylib
INFO MeshOptimizer is available, use library at /Applications/Blender.app/Contents/Resources/5.2/scripts/addons_core/io_scene_gltf2/libbf_intern_meshopt_bridge.dylib
14:10:06 | INFO: Starting glTF 2.0 export
14:10:06 | INFO: Extracting primitive: Body volume • torso and broad neck.001
14:10:07 | INFO: Primitives created: 1
14:10:07 | INFO: Extracting primitive: Ear L • inset pink • perimeter
14:10:07 | INFO: Primitives created: 1
14:10:07 | INFO: Extracting primitive: Ear L • inset pink.001
14:10:07 | INFO: Primitives created: 1
14:10:07 | INFO: Extracting primitive: Ear L • rounded outer shell • perimeter
14:10:07 | INFO: Primitives created: 1
14:10:07 | INFO: Extracting primitive: Ear L • rounded outer shell.001
14:10:07 | INFO: Primitives created: 1
14:10:07 | INFO: Extracting primitive: Ear R • inset pink • perimeter
14:10:07 | INFO: Primitives created: 1
14:10:07 | INFO: Extracting primitive: Ear R • inset pink.001
14:10:07 | INFO: Primitives created: 1
14:10:07 | INFO: Extracting primitive: Ear R • rounded outer shell • perimeter
14:10:07 | INFO: Primitives created: 1
14:10:07 | INFO: Extracting primitive: Ear R • rounded outer shell.001
14:10:07 | INFO: Primitives created: 1
14:10:07 | INFO: Extracting primitive: Eye L • amber outer edge.001
14:10:07 | INFO: Primitives created: 1
14:10:07 | INFO: Extracting primitive: Sphere.006
14:10:07 | INFO: Primitives created: 1
14:10:07 | INFO: Extracting primitive: Sphere.007
14:10:07 | INFO: Primitives created: 1
14:10:07 | INFO: Extracting primitive: Eye L • charcoal socket.001
14:10:07 | INFO: Primitives created: 1
14:10:07 | INFO: Extracting primitive: Eye L • honey crescent
14:10:07 | INFO: Primitives created: 1
14:10:07 | INFO: Extracting primitive: Eye L • orange iris.001
14:10:07 | INFO: Primitives created: 1
14:10:07 | INFO: Extracting primitive: Eye L • pupil.001
14:10:07 | INFO: Primitives created: 1
14:10:07 | INFO: Extracting primitive: Eye R • amber outer edge.001
14:10:07 | INFO: Primitives created: 1
14:10:07 | INFO: Extracting primitive: Sphere.008
14:10:07 | INFO: Primitives created: 1
14:10:07 | INFO: Extracting primitive: Sphere.009
14:10:07 | INFO: Primitives created: 1
14:10:07 | INFO: Extracting primitive: Eye R • charcoal socket.001
14:10:07 | INFO: Primitives created: 1
14:10:07 | INFO: Extracting primitive: Eye R • honey crescent
14:10:07 | INFO: Primitives created: 1
14:10:07 | INFO: Extracting primitive: Eye R • orange iris.001
14:10:07 | INFO: Primitives created: 1
14:10:07 | INFO: Extracting primitive: Eye R • pupil.001
14:10:07 | INFO: Primitives created: 1
14:10:07 | INFO: Extracting primitive: Face • little charcoal nose.001
14:10:07 | INFO: Primitives created: 1
14:10:07 | INFO: Extracting primitive: Face • philtrum
14:10:07 | INFO: Primitives created: 1
14:10:07 | INFO: Extracting primitive: Face • pink tongue • perimeter
14:10:07 | INFO: Primitives created: 1
14:10:07 | INFO: Extracting primitive: Face • pink tongue.001
14:10:07 | INFO: Primitives created: 1
14:10:07 | INFO: Extracting primitive: Face • smile L
14:10:07 | INFO: Primitives created: 1
14:10:07 | INFO: Extracting primitive: Face • smile R
14:10:07 | INFO: Primitives created: 1
14:10:07 | INFO: Extracting primitive: Head • continuous shaped surface.001
14:10:07 | INFO: Primitives created: 1
14:10:07 | INFO: Extracting primitive: Tail • continuous upright curl
14:10:07 | INFO: Primitives created: 1
14:10:07 | INFO: Extracting primitive: Sphere.010
14:10:07 | INFO: Primitives created: 1
14:10:07 | INFO: Finished glTF 2.0 export in 0.33773374557495117 s

RENDER_VIEW front
00:14.713  render           | Saved: '/Volumes/CatDisk/codes/catgray/CatGrayWiki/logo/ip/model_3d/preview_front.png'
RENDER_VIEW side
00:22.583  render           | Saved: '/Volumes/CatDisk/codes/catgray/CatGrayWiki/logo/ip/model_3d/preview_side.png'
RENDER_VIEW back
00:30.754  render           | Saved: '/Volumes/CatDisk/codes/catgray/CatGrayWiki/logo/ip/model_3d/preview_back.png'
RENDER_VIEW hero
00:40.563  render           | Saved: '/Volumes/CatDisk/codes/catgray/CatGrayWiki/logo/ip/model_3d/preview_hero.png'
RENDER_VIEW body
00:52.213  render           | Saved: '/Volumes/CatDisk/codes/catgray/CatGrayWiki/logo/ip/model_3d/preview_body.png'
RENDER_VIEW face_side
01:02.682  render           | Saved: '/Volumes/CatDisk/codes/catgray/CatGrayWiki/logo/ip/model_3d/preview_face_side.png'
RENDER_VIEW rear_quarter
01:12.492  render           | Saved: '/Volumes/CatDisk/codes/catgray/CatGrayWiki/logo/ip/model_3d/preview_rear_quarter.png'
Info: Saved as "CatGray_IP.blend"
CATGRAY_COMPLETE {"objects": 32, "vertices": 319539, "triangles": 636482, "materials": ["Ear rims | reference #747474", "Eyes | painted white catchlights", "Fur | UV painted tabby stripes", "Fur | bare body with UV painted white oval", "Fur | reference #979797", "Inner ears | reference #FFA3A3", "Iris | deep amber edge", "Iris | golden orange", "Iris | lower honey highlight", "Nose | reference #2D2D2D", "Outlines and seams | charcoal", "Pupil | round black", "Tongue | warm pink"], "dimensions_blender_units": [3.65, 3.3834, 4.355], "body_revision": {"revision": "bare body with continuous shoulders and short legs", "body_object": "Body \u2022 continuous bare skin and painted oval belly", "skin_connected_components": 1, "skin_non_manifold_edges": 0, "evaluated_triangles": 353616, "voxel_size": 0.015, "width_with_arms": 1.7493, "height": 1.64, "neck_profile_width_at_z_1_4": 0.88, "belly": {"type": "packed sRGB basecolor image, front surface only", "texture": "CatGray_BareBody_BaseColor.png", "resolution": [2048, 2048], "width": 0.78, "height": 0.92, "center_z": 0.91, "edge_width": 0.0078, "fur_srgb": "#979797", "belly_srgb": "#F4F3F0"}}, "world_bounds": {"min": [-1.8249813318252563, -1.6214314699172974, 0.0], "max": [1.8249813318252563, 1.7619999647140503, 4.355000019073486]}}
Blender 5.2.1 LTS (hash 9e2066aef7ef built 2026-08-25 01:35:57)

Blender quit
