00:00.066  translation      | WARNING Falling back to standard locale ("C")
00:00.324  blend            | Read blend: "/Volumes/CatDisk/codes/catgray/CatGrayWiki/logo/ip/model_3d/CatGray_IP.blend"
RENDER_ANIMATION_FRAMES 240
00:08.304  render           | Saved: '/Volumes/CatDisk/codes/catgray/CatGrayWiki/logo/ip/model_3d/qa/animation_frames/frame_0001.png'
00:09.493  render           | Saved: '/Volumes/CatDisk/codes/catgray/CatGrayWiki/logo/ip/model_3d/qa/animation_frames/frame_0002.png'
00:10.635  render           | Saved: '/Volumes/CatDisk/codes/catgray/CatGrayWiki/logo/ip/model_3d/qa/animation_frames/frame_0003.png'
00:11.791  render           | Saved: '/Volumes/CatDisk/codes/catgray/CatGrayWiki/logo/ip/model_3d/qa/animation_frames/frame_0004.png'
00:12.925  render           | Saved: '/Volumes/CatDisk/codes/catgray/CatGrayWiki/logo/ip/model_3d/qa/animation_frames/frame_0005.png'
00:14.070  render           | Saved: '/Volumes/CatDisk/codes/catgray/CatGrayWiki/logo/ip/model_3d/qa/animation_frames/frame_0006.png'
00:15.200  render           | Saved: '/Volumes/CatDisk/codes/catgray/CatGrayWiki/logo/ip/model_3d/qa/animation_frames/frame_0007.png'
00:16.332  render           | Saved: '/Volumes/CatDisk/codes/catgray/CatGrayWiki/logo/ip/model_3d/qa/animation_frames/frame_0008.png'
00:17.468  render           | Saved: '/Volumes/CatDisk/codes/catgray/CatGrayWiki/logo/ip/model_3d/qa/animation_frames/frame_0009.png'
00:18.632  render           | Saved: '/Volumes/CatDisk/codes/catgray/CatGrayWiki/logo/ip/model_3d/qa/animation_frames/frame_0010.png'
00:19.769  render           | Saved: '/Volumes/CatDisk/codes/catgray/CatGrayWiki/logo/ip/model_3d/qa/animation_frames/frame_0011.png'
00:20.899  render           | Saved: '/Volumes/CatDisk/codes/catgray/CatGrayWiki/logo/ip/model_3d/qa/animation_frames/frame_0012.png'
00:22.029  render           | Saved: '/Volumes/CatDisk/codes/catgray/CatGrayWiki/logo/ip/model_3d/qa/animation_frames/frame_0013.png'
00:23.163  render           | Saved: '/Volumes/CatDisk/codes/catgray/CatGrayWiki/logo/ip/model_3d/qa/animation_frames/frame_0014.png'
00:24.310  render           | Saved: '/Volumes/CatDisk/codes/catgray/CatGrayWiki/logo/ip/model_3d/qa/animation_frames/frame_0015.png'
00:25.448  render           | Saved: '/Volumes/CatDisk/codes/catgray/CatGrayWiki/logo/ip/model_3d/qa/animation_frames/frame_0016.png'
00:26.573  render           | Saved: '/Volumes/CatDisk/codes/catgray/CatGrayWiki/logo/ip/model_3d/qa/animation_frames/frame_0017.png'
00:27.677  render           | Saved: '/Volumes/CatDisk/codes/catgray/CatGrayWiki/logo/ip/model_3d/qa/animation_frames/frame_0018.png'
00:28.793  render           | Saved: '/Volumes/CatDisk/codes/catgray/CatGrayWiki/logo/ip/model_3d/qa/animation_frames/frame_0019.png'
00:29.941  render           | Saved: '/Volumes/CatDisk/codes/catgray/CatGrayWiki/logo/ip/model_3d/qa/animation_frames/frame_0020.png'
00:31.087  render           | Saved: '/Volumes/CatDisk/codes/catgray/CatGrayWiki/logo/ip/model_3d/qa/animation_frames/frame_0021.png'
00:32.217  render           | Saved: '/Volumes/CatDisk/codes/catgray/CatGrayWiki/logo/ip/model_3d/qa/animation_frames/frame_0022.png'
00:33.371  render           | Saved: '/Volumes/CatDisk/codes/catgray/CatGrayWiki/logo/ip/model_3d/qa/animation_frames/frame_0023.png'
00:34.522  render           | Saved: '/Volumes/CatDisk/codes/catgray/CatGrayWiki/logo/ip/model_3d/qa/animation_frames/frame_0024.png'
00:35.670  render           | Saved: '/Volumes/CatDisk/codes/catgray/CatGrayWiki/logo/ip/model_3d/qa/animation_frames/frame_0025.png'
00:36.814  render           | Saved: '/Volumes/CatDisk/codes/catgray/CatGrayWiki/logo/ip/model_3d/qa/animation_frames/frame_0026.png'
00:37.932  render           | Saved: '/Volumes/CatDisk/codes/catgray/CatGrayWiki/logo/ip/model_3d/qa/animation_frames/frame_0027.png'
00:39.069  render           | Saved: '/Volumes/CatDisk/codes/catgray/CatGrayWiki/logo/ip/model_3d/qa/animation_frames/frame_0028.png'
00:40.199  render           | Saved: '/Volumes/CatDisk/codes/catgray/CatGrayWiki/logo/ip/model_3d/qa/animation_frames/frame_0029.png'
00:41.291  render           | Saved: '/Volumes/CatDisk/codes/catgray/CatGrayWiki/logo/ip/model_3d/qa/animation_frames/frame_0030.png'
00:42.436  render           | Saved: '/Volumes/CatDisk/codes/catgray/CatGrayWiki/logo/ip/model_3d/qa/animation_frames/frame_0031.png'
00:43.576  render           | Saved: '/Volumes/CatDisk/codes/catgray/CatGrayWiki/logo/ip/model_3d/qa/animation_frames/frame_0032.png'
00:44.703  render           | Saved: '/Volumes/CatDisk/codes/catgray/CatGrayWiki/logo/ip/model_3d/qa/animation_frames/frame_0033.png'
00:45.821  render           | Saved: '/Volumes/CatDisk/codes/catgray/CatGrayWiki/logo/ip/model_3d/qa/animation_frames/frame_0034.png'
00:46.970  render           | Saved: '/Volumes/CatDisk/codes/catgray/CatGrayWiki/logo/ip/model_3d/qa/animation_frames/frame_0035.png'
00:48.088  render           | Saved: '/Volumes/CatDisk/codes/catgray/CatGrayWiki/logo/ip/model_3d/qa/animation_frames/frame_0036.png'
00:49.213  render           | Saved: '/Volumes/CatDisk/codes/catgray/CatGrayWiki/logo/ip/model_3d/qa/animation_frames/frame_0037.png'
00:50.371  render           | Saved: '/Volumes/CatDisk/codes/catgray/CatGrayWiki/logo/ip/model_3d/qa/animation_frames/frame_0038.png'
00:51.544  render           | Saved: '/Volumes/CatDisk/codes/catgray/CatGrayWiki/logo/ip/model_3d/qa/animation_frames/frame_0039.png'
00:52.677  render           | Saved: '/Volumes/CatDisk/codes/catgray/CatGrayWiki/logo/ip/model_3d/qa/animation_frames/frame_0040.png'
00:53.806  render           | Saved: '/Volumes/CatDisk/codes/catgray/CatGrayWiki/logo/ip/model_3d/qa/animation_frames/frame_0041.png'
00:54.933  render           | Saved: '/Volumes/CatDisk/codes/catgray/CatGrayWiki/logo/ip/model_3d/qa/animation_frames/frame_0042.png'
00:56.062  render           | Saved: '/Volumes/CatDisk/codes/catgray/CatGrayWiki/logo/ip/model_3d/qa/animation_frames/frame_0043.png'
00:57.210  render           | Saved: '/Volumes/CatDisk/codes/catgray/CatGrayWiki/logo/ip/model_3d/qa/animation_frames/frame_0044.png'
00:58.323  render           | Saved: '/Volumes/CatDisk/codes/catgray/CatGrayWiki/logo/ip/model_3d/qa/animation_frames/frame_0045.png'
00:59.478  render           | Saved: '/Volumes/CatDisk/codes/catgray/CatGrayWiki/logo/ip/model_3d/qa/animation_frames/frame_0046.png'
01:00.628  render           | Saved: '/Volumes/CatDisk/codes/catgray/CatGrayWiki/logo/ip/model_3d/qa/animation_frames/frame_0047.png'
01:01.798  render           | Saved: '/Volumes/CatDisk/codes/catgray/CatGrayWiki/logo/ip/model_3d/qa/animation_frames/frame_0048.png'
01:02.928  render           | Saved: '/Volumes/CatDisk/codes/catgray/CatGrayWiki/logo/ip/model_3d/qa/animation_frames/frame_0049.png'
01:04.059  render           | Saved: '/Volumes/CatDisk/codes/catgray/CatGrayWiki/logo/ip/model_3d/qa/animation_frames/frame_0050.png'
01:05.188  render           | Saved: '/Volumes/CatDisk/codes/catgray/CatGrayWiki/logo/ip/model_3d/qa/animation_frames/frame_0051.png'
01:06.354  render           | Saved: '/Volumes/CatDisk/codes/catgray/CatGrayWiki/logo/ip/model_3d/qa/animation_frames/frame_0052.png'
01:07.500  render           | Saved: '/Volumes/CatDisk/codes/catgray/CatGrayWiki/logo/ip/model_3d/qa/animation_frames/frame_0053.png'
01:08.645  render           | Saved: '/Volumes/CatDisk/codes/catgray/CatGrayWiki/logo/ip/model_3d/qa/animation_frames/frame_0054.png'
01:09.768  render           | Saved: '/Volumes/CatDisk/codes/catgray/CatGrayWiki/logo/ip/model_3d/qa/animation_frames/frame_0055.png'
01:10.935  render           | Saved: '/Volumes/CatDisk/codes/catgray/CatGrayWiki/logo/ip/model_3d/qa/animation_frames/frame_0056.png'
01:12.079  render           | Saved: '/Volumes/CatDisk/codes/catgray/CatGrayWiki/logo/ip/model_3d/qa/animation_frames/frame_0057.png'
01:13.222  render           | Saved: '/Volumes/CatDisk/codes/catgray/CatGrayWiki/logo/ip/model_3d/qa/animation_frames/frame_0058.png'
01:14.352  render           | Saved: '/Volumes/CatDisk/codes/catgray/CatGrayWiki/logo/ip/model_3d/qa/animation_frames/frame_0059.png'
01:15.463  render           | Saved: '/Volumes/CatDisk/codes/catgray/CatGrayWiki/logo/ip/model_3d/qa/animation_frames/frame_0060.png'
01:16.619  render           | Saved: '/Volumes/CatDisk/codes/catgray/CatGrayWiki/logo/ip/model_3d/qa/animation_frames/frame_0061.png'
01:17.761  render           | Saved: '/Volumes/CatDisk/codes/catgray/CatGrayWiki/logo/ip/model_3d/qa/animation_frames/frame_0062.png'
01:18.902  render           | Saved: '/Volumes/CatDisk/codes/catgray/CatGrayWiki/logo/ip/model_3d/qa/animation_frames/frame_0063.png'
01:20.071  render           | Saved: '/Volumes/CatDisk/codes/catgray/CatGrayWiki/logo/ip/model_3d/qa/animation_frames/frame_0064.png'
01:21.208  render           | Saved: '/Volumes/CatDisk/codes/catgray/CatGrayWiki/logo/ip/model_3d/qa/animation_frames/frame_0065.png'
01:22.361  render           | Saved: '/Volumes/CatDisk/codes/catgray/CatGrayWiki/logo/ip/model_3d/qa/animation_frames/frame_0066.png'
01:23.486  render           | Saved: '/Volumes/CatDisk/codes/catgray/CatGrayWiki/logo/ip/model_3d/qa/animation_frames/frame_0067.png'
01:24.611  render           | Saved: '/Volumes/CatDisk/codes/catgray/CatGrayWiki/logo/ip/model_3d/qa/animation_frames/frame_0068.png'
01:25.735  render           | Saved: '/Volumes/CatDisk/codes/catgray/CatGrayWiki/logo/ip/model_3d/qa/animation_frames/frame_0069.png'
01:26.891  render           | Saved: '/Volumes/CatDisk/codes/catgray/CatGrayWiki/logo/ip/model_3d/qa/animation_frames/frame_0070.png'
01:28.044  render           | Saved: '/Volumes/CatDisk/codes/catgray/CatGrayWiki/logo/ip/model_3d/qa/animation_frames/frame_0071.png'
01:29.179  render           | Saved: '/Volumes/CatDisk/codes/catgray/CatGrayWiki/logo/ip/model_3d/qa/animation_frames/frame_0072.png'
01:30.326  render           | Saved: '/Volumes/CatDisk/codes/catgray/CatGrayWiki/logo/ip/model_3d/qa/animation_frames/frame_0073.png'
01:31.472  render           | Saved: '/Volumes/CatDisk/codes/catgray/CatGrayWiki/logo/ip/model_3d/qa/animation_frames/frame_0074.png'
01:32.609  render           | Saved: '/Volumes/CatDisk/codes/catgray/CatGrayWiki/logo/ip/model_3d/qa/animation_frames/frame_0075.png'
01:33.750  render           | Saved: '/Volumes/CatDisk/codes/catgray/CatGrayWiki/logo/ip/model_3d/qa/animation_frames/frame_0076.png'
01:34.903  render           | Saved: '/Volumes/CatDisk/codes/catgray/CatGrayWiki/logo/ip/model_3d/qa/animation_frames/frame_0077.png'
01:36.070  render           | Saved: '/Volumes/CatDisk/codes/catgray/CatGrayWiki/logo/ip/model_3d/qa/animation_frames/frame_0078.png'
01:37.242  render           | Saved: '/Volumes/CatDisk/codes/catgray/CatGrayWiki/logo/ip/model_3d/qa/animation_frames/frame_0079.png'
01:38.377  render           | Saved: '/Volumes/CatDisk/codes/catgray/CatGrayWiki/logo/ip/model_3d/qa/animation_frames/frame_0080.png'
01:39.539  render           | Saved: '/Volumes/CatDisk/codes/catgray/CatGrayWiki/logo/ip/model_3d/qa/animation_frames/frame_0081.png'
01:40.632  render           | Saved: '/Volumes/CatDisk/codes/catgray/CatGrayWiki/logo/ip/model_3d/qa/animation_frames/frame_0082.png'
01:41.756  render           | Saved: '/Volumes/CatDisk/codes/catgray/CatGrayWiki/logo/ip/model_3d/qa/animation_frames/frame_0083.png'
01:42.891  render           | Saved: '/Volumes/CatDisk/codes/catgray/CatGrayWiki/logo/ip/model_3d/qa/animation_frames/frame_0084.png'
01:43.983  render           | Saved: '/Volumes/CatDisk/codes/catgray/CatGrayWiki/logo/ip/model_3d/qa/animation_frames/frame_0085.png'
01:45.090  render           | Saved: '/Volumes/CatDisk/codes/catgray/CatGrayWiki/logo/ip/model_3d/qa/animation_frames/frame_0086.png'
01:46.198  render           | Saved: '/Volumes/CatDisk/codes/catgray/CatGrayWiki/logo/ip/model_3d/qa/animation_frames/frame_0087.png'
01:47.296  render           | Saved: '/Volumes/CatDisk/codes/catgray/CatGrayWiki/logo/ip/model_3d/qa/animation_frames/frame_0088.png'
01:48.405  render           | Saved: '/Volumes/CatDisk/codes/catgray/CatGrayWiki/logo/ip/model_3d/qa/animation_frames/frame_0089.png'
01:49.517  render           | Saved: '/Volumes/CatDisk/codes/catgray/CatGrayWiki/logo/ip/model_3d/qa/animation_frames/frame_0090.png'
01:50.622  render           | Saved: '/Volumes/CatDisk/codes/catgray/CatGrayWiki/logo/ip/model_3d/qa/animation_frames/frame_0091.png'
01:51.749  render           | Saved: '/Volumes/CatDisk/codes/catgray/CatGrayWiki/logo/ip/model_3d/qa/animation_frames/frame_0092.png'
01:52.854  render           | Saved: '/Volumes/CatDisk/codes/catgray/CatGrayWiki/logo/ip/model_3d/qa/animation_frames/frame_0093.png'
01:53.984  render           | Saved: '/Volumes/CatDisk/codes/catgray/CatGrayWiki/logo/ip/model_3d/qa/animation_frames/frame_0094.png'
01:55.139  render           | Saved: '/Volumes/CatDisk/codes/catgray/CatGrayWiki/logo/ip/model_3d/qa/animation_frames/frame_0095.png'
01:56.268  render           | Saved: '/Volumes/CatDisk/codes/catgray/CatGrayWiki/logo/ip/model_3d/qa/animation_frames/frame_0096.png'
01:57.340  render           | Saved: '/Volumes/CatDisk/codes/catgray/CatGrayWiki/logo/ip/model_3d/qa/animation_frames/frame_0097.png'
01:58.464  render           | Saved: '/Volumes/CatDisk/codes/catgray/CatGrayWiki/logo/ip/model_3d/qa/animation_frames/frame_0098.png'
01:59.565  render           | Saved: '/Volumes/CatDisk/codes/catgray/CatGrayWiki/logo/ip/model_3d/qa/animation_frames/frame_0099.png'
02:00.670  render           | Saved: '/Volumes/CatDisk/codes/catgray/CatGrayWiki/logo/ip/model_3d/qa/animation_frames/frame_0100.png'
02:01.770  render           | Saved: '/Volumes/CatDisk/codes/catgray/CatGrayWiki/logo/ip/model_3d/qa/animation_frames/frame_0101.png'
02:02.860  render           | Saved: '/Volumes/CatDisk/codes/catgray/CatGrayWiki/logo/ip/model_3d/qa/animation_frames/frame_0102.png'
02:03.969  render           | Saved: '/Volumes/CatDisk/codes/catgray/CatGrayWiki/logo/ip/model_3d/qa/animation_frames/frame_0103.png'
02:05.095  render           | Saved: '/Volumes/CatDisk/codes/catgray/CatGrayWiki/logo/ip/model_3d/qa/animation_frames/frame_0104.png'
02:06.227  render           | Saved: '/Volumes/CatDisk/codes/catgray/CatGrayWiki/logo/ip/model_3d/qa/animation_frames/frame_0105.png'
02:07.366  render           | Saved: '/Volumes/CatDisk/codes/catgray/CatGrayWiki/logo/ip/model_3d/qa/animation_frames/frame_0106.png'
02:08.524  render           | Saved: '/Volumes/CatDisk/codes/catgray/CatGrayWiki/logo/ip/model_3d/qa/animation_frames/frame_0107.png'
02:09.630  render           | Saved: '/Volumes/CatDisk/codes/catgray/CatGrayWiki/logo/ip/model_3d/qa/animation_frames/frame_0108.png'
02:10.733  render           | Saved: '/Volumes/CatDisk/codes/catgray/CatGrayWiki/logo/ip/model_3d/qa/animation_frames/frame_0109.png'
02:11.834  render           | Saved: '/Volumes/CatDisk/codes/catgray/CatGrayWiki/logo/ip/model_3d/qa/animation_frames/frame_0110.png'
02:12.930  render           | Saved: '/Volumes/CatDisk/codes/catgray/CatGrayWiki/logo/ip/model_3d/qa/animation_frames/frame_0111.png'
02:14.035  render           | Saved: '/Volumes/CatDisk/codes/catgray/CatGrayWiki/logo/ip/model_3d/qa/animation_frames/frame_0112.png'
02:15.135  render           | Saved: '/Volumes/CatDisk/codes/catgray/CatGrayWiki/logo/ip/model_3d/qa/animation_frames/frame_0113.png'
02:16.239  render           | Saved: '/Volumes/CatDisk/codes/catgray/CatGrayWiki/logo/ip/model_3d/qa/animation_frames/frame_0114.png'
02:17.354  render           | Saved: '/Volumes/CatDisk/codes/catgray/CatGrayWiki/logo/ip/model_3d/qa/animation_frames/frame_0115.png'
02:18.556  render           | Saved: '/Volumes/CatDisk/codes/catgray/CatGrayWiki/logo/ip/model_3d/qa/animation_frames/frame_0116.png'
02:19.758  render           | Saved: '/Volumes/CatDisk/codes/catgray/CatGrayWiki/logo/ip/model_3d/qa/animation_frames/frame_0117.png'
02:20.854  render           | Saved: '/Volumes/CatDisk/codes/catgray/CatGrayWiki/logo/ip/model_3d/qa/animation_frames/frame_0118.png'
02:22.062  render           | Saved: '/Volumes/CatDisk/codes/catgray/CatGrayWiki/logo/ip/model_3d/qa/animation_frames/frame_0119.png'
02:23.321  render           | Saved: '/Volumes/CatDisk/codes/catgray/CatGrayWiki/logo/ip/model_3d/qa/animation_frames/frame_0120.png'
02:24.673  render           | Saved: '/Volumes/CatDisk/codes/catgray/CatGrayWiki/logo/ip/model_3d/qa/animation_frames/frame_0121.png'
02:25.861  render           | Saved: '/Volumes/CatDisk/codes/catgray/CatGrayWiki/logo/ip/model_3d/qa/animation_frames/frame_0122.png'
02:26.968  render           | Saved: '/Volumes/CatDisk/codes/catgray/CatGrayWiki/logo/ip/model_3d/qa/animation_frames/frame_0123.png'
02:28.081  render           | Saved: '/Volumes/CatDisk/codes/catgray/CatGrayWiki/logo/ip/model_3d/qa/animation_frames/frame_0124.png'
02:29.154  render           | Saved: '/Volumes/CatDisk/codes/catgray/CatGrayWiki/logo/ip/model_3d/qa/animation_frames/frame_0125.png'
02:30.242  render           | Saved: '/Volumes/CatDisk/codes/catgray/CatGrayWiki/logo/ip/model_3d/qa/animation_frames/frame_0126.png'
02:31.337  render           | Saved: '/Volumes/CatDisk/codes/catgray/CatGrayWiki/logo/ip/model_3d/qa/animation_frames/frame_0127.png'
02:32.439  render           | Saved: '/Volumes/CatDisk/codes/catgray/CatGrayWiki/logo/ip/model_3d/qa/animation_frames/frame_0128.png'
02:34.407  render           | Saved: '/Volumes/CatDisk/codes/catgray/CatGrayWiki/logo/ip/model_3d/qa/animation_frames/frame_0129.png'
02:35.751  render           | Saved: '/Volumes/CatDisk/codes/catgray/CatGrayWiki/logo/ip/model_3d/qa/animation_frames/frame_0130.png'
02:36.882  render           | Saved: '/Volumes/CatDisk/codes/catgray/CatGrayWiki/logo/ip/model_3d/qa/animation_frames/frame_0131.png'
02:38.310  render           | Saved: '/Volumes/CatDisk/codes/catgray/CatGrayWiki/logo/ip/model_3d/qa/animation_frames/frame_0132.png'
02:39.402  render           | Saved: '/Volumes/CatDisk/codes/catgray/CatGrayWiki/logo/ip/model_3d/qa/animation_frames/frame_0133.png'
02:40.506  render           | Saved: '/Volumes/CatDisk/codes/catgray/CatGrayWiki/logo/ip/model_3d/qa/animation_frames/frame_0134.png'
02:41.607  render           | Saved: '/Volumes/CatDisk/codes/catgray/CatGrayWiki/logo/ip/model_3d/qa/animation_frames/frame_0135.png'
02:42.761  render           | Saved: '/Volumes/CatDisk/codes/catgray/CatGrayWiki/logo/ip/model_3d/qa/animation_frames/frame_0136.png'
02:43.814  render           | Saved: '/Volumes/CatDisk/codes/catgray/CatGrayWiki/logo/ip/model_3d/qa/animation_frames/frame_0137.png'
02:44.908  render           | Saved: '/Volumes/CatDisk/codes/catgray/CatGrayWiki/logo/ip/model_3d/qa/animation_frames/frame_0138.png'
02:46.092  render           | Saved: '/Volumes/CatDisk/codes/catgray/CatGrayWiki/logo/ip/model_3d/qa/animation_frames/frame_0139.png'
02:47.260  render           | Saved: '/Volumes/CatDisk/codes/catgray/CatGrayWiki/logo/ip/model_3d/qa/animation_frames/frame_0140.png'
02:48.347  render           | Saved: '/Volumes/CatDisk/codes/catgray/CatGrayWiki/logo/ip/model_3d/qa/animation_frames/frame_0141.png'
02:49.480  render           | Saved: '/Volumes/CatDisk/codes/catgray/CatGrayWiki/logo/ip/model_3d/qa/animation_frames/frame_0142.png'
02:50.828  render           | Saved: '/Volumes/CatDisk/codes/catgray/CatGrayWiki/logo/ip/model_3d/qa/animation_frames/frame_0143.png'
02:51.936  render           | Saved: '/Volumes/CatDisk/codes/catgray/CatGrayWiki/logo/ip/model_3d/qa/animation_frames/frame_0144.png'
02:53.085  render           | Saved: '/Volumes/CatDisk/codes/catgray/CatGrayWiki/logo/ip/model_3d/qa/animation_frames/frame_0145.png'
02:54.248  render           | Saved: '/Volumes/CatDisk/codes/catgray/CatGrayWiki/logo/ip/model_3d/qa/animation_frames/frame_0146.png'
02:55.390  render           | Saved: '/Volumes/CatDisk/codes/catgray/CatGrayWiki/logo/ip/model_3d/qa/animation_frames/frame_0147.png'
02:56.478  render           | Saved: '/Volumes/CatDisk/codes/catgray/CatGrayWiki/logo/ip/model_3d/qa/animation_frames/frame_0148.png'
02:57.554  render           | Saved: '/Volumes/CatDisk/codes/catgray/CatGrayWiki/logo/ip/model_3d/qa/animation_frames/frame_0149.png'
02:58.695  render           | Saved: '/Volumes/CatDisk/codes/catgray/CatGrayWiki/logo/ip/model_3d/qa/animation_frames/frame_0150.png'
02:59.770  render           | Saved: '/Volumes/CatDisk/codes/catgray/CatGrayWiki/logo/ip/model_3d/qa/animation_frames/frame_0151.png'
03:00.826  render           | Saved: '/Volumes/CatDisk/codes/catgray/CatGrayWiki/logo/ip/model_3d/qa/animation_frames/frame_0152.png'
03:01.949  render           | Saved: '/Volumes/CatDisk/codes/catgray/CatGrayWiki/logo/ip/model_3d/qa/animation_frames/frame_0153.png'
03:03.193  render           | Saved: '/Volumes/CatDisk/codes/catgray/CatGrayWiki/logo/ip/model_3d/qa/animation_frames/frame_0154.png'
03:04.379  render           | Saved: '/Volumes/CatDisk/codes/catgray/CatGrayWiki/logo/ip/model_3d/qa/animation_frames/frame_0155.png'
03:05.505  render           | Saved: '/Volumes/CatDisk/codes/catgray/CatGrayWiki/logo/ip/model_3d/qa/animation_frames/frame_0156.png'
03:06.635  render           | Saved: '/Volumes/CatDisk/codes/catgray/CatGrayWiki/logo/ip/model_3d/qa/animation_frames/frame_0157.png'
03:07.744  render           | Saved: '/Volumes/CatDisk/codes/catgray/CatGrayWiki/logo/ip/model_3d/qa/animation_frames/frame_0158.png'
03:08.895  render           | Saved: '/Volumes/CatDisk/codes/catgray/CatGrayWiki/logo/ip/model_3d/qa/animation_frames/frame_0159.png'
03:09.978  render           | Saved: '/Volumes/CatDisk/codes/catgray/CatGrayWiki/logo/ip/model_3d/qa/animation_frames/frame_0160.png'
03:11.079  render           | Saved: '/Volumes/CatDisk/codes/catgray/CatGrayWiki/logo/ip/model_3d/qa/animation_frames/frame_0161.png'
03:12.196  render           | Saved: '/Volumes/CatDisk/codes/catgray/CatGrayWiki/logo/ip/model_3d/qa/animation_frames/frame_0162.png'
03:13.283  render           | Saved: '/Volumes/CatDisk/codes/catgray/CatGrayWiki/logo/ip/model_3d/qa/animation_frames/frame_0163.png'
03:14.456  render           | Saved: '/Volumes/CatDisk/codes/catgray/CatGrayWiki/logo/ip/model_3d/qa/animation_frames/frame_0164.png'
03:15.571  render           | Saved: '/Volumes/CatDisk/codes/catgray/CatGrayWiki/logo/ip/model_3d/qa/animation_frames/frame_0165.png'
03:16.977  render           | Saved: '/Volumes/CatDisk/codes/catgray/CatGrayWiki/logo/ip/model_3d/qa/animation_frames/frame_0166.png'
03:18.083  render           | Saved: '/Volumes/CatDisk/codes/catgray/CatGrayWiki/logo/ip/model_3d/qa/animation_frames/frame_0167.png'
03:19.250  render           | Saved: '/Volumes/CatDisk/codes/catgray/CatGrayWiki/logo/ip/model_3d/qa/animation_frames/frame_0168.png'
03:20.392  render           | Saved: '/Volumes/CatDisk/codes/catgray/CatGrayWiki/logo/ip/model_3d/qa/animation_frames/frame_0169.png'
03:21.496  render           | Saved: '/Volumes/CatDisk/codes/catgray/CatGrayWiki/logo/ip/model_3d/qa/animation_frames/frame_0170.png'
03:22.605  render           | Saved: '/Volumes/CatDisk/codes/catgray/CatGrayWiki/logo/ip/model_3d/qa/animation_frames/frame_0171.png'
03:23.754  render           | Saved: '/Volumes/CatDisk/codes/catgray/CatGrayWiki/logo/ip/model_3d/qa/animation_frames/frame_0172.png'
03:24.862  render           | Saved: '/Volumes/CatDisk/codes/catgray/CatGrayWiki/logo/ip/model_3d/qa/animation_frames/frame_0173.png'
03:25.999  render           | Saved: '/Volumes/CatDisk/codes/catgray/CatGrayWiki/logo/ip/model_3d/qa/animation_frames/frame_0174.png'
03:27.119  render           | Saved: '/Volumes/CatDisk/codes/catgray/CatGrayWiki/logo/ip/model_3d/qa/animation_frames/frame_0175.png'
03:28.226  render           | Saved: '/Volumes/CatDisk/codes/catgray/CatGrayWiki/logo/ip/model_3d/qa/animation_frames/frame_0176.png'
03:29.316  render           | Saved: '/Volumes/CatDisk/codes/catgray/CatGrayWiki/logo/ip/model_3d/qa/animation_frames/frame_0177.png'
03:30.388  render           | Saved: '/Volumes/CatDisk/codes/catgray/CatGrayWiki/logo/ip/model_3d/qa/animation_frames/frame_0178.png'
03:31.528  render           | Saved: '/Volumes/CatDisk/codes/catgray/CatGrayWiki/logo/ip/model_3d/qa/animation_frames/frame_0179.png'
03:32.638  render           | Saved: '/Volumes/CatDisk/codes/catgray/CatGrayWiki/logo/ip/model_3d/qa/animation_frames/frame_0180.png'
03:33.746  render           | Saved: '/Volumes/CatDisk/codes/catgray/CatGrayWiki/logo/ip/model_3d/qa/animation_frames/frame_0181.png'
03:34.827  render           | Saved: '/Volumes/CatDisk/codes/catgray/CatGrayWiki/logo/ip/model_3d/qa/animation_frames/frame_0182.png'
03:35.922  render           | Saved: '/Volumes/CatDisk/codes/catgray/CatGrayWiki/logo/ip/model_3d/qa/animation_frames/frame_0183.png'
03:37.035  render           | Saved: '/Volumes/CatDisk/codes/catgray/CatGrayWiki/logo/ip/model_3d/qa/animation_frames/frame_0184.png'
03:38.177  render           | Saved: '/Volumes/CatDisk/codes/catgray/CatGrayWiki/logo/ip/model_3d/qa/animation_frames/frame_0185.png'
03:39.351  render           | Saved: '/Volumes/CatDisk/codes/catgray/CatGrayWiki/logo/ip/model_3d/qa/animation_frames/frame_0186.png'
03:40.489  render           | Saved: '/Volumes/CatDisk/codes/catgray/CatGrayWiki/logo/ip/model_3d/qa/animation_frames/frame_0187.png'
03:41.622  render           | Saved: '/Volumes/CatDisk/codes/catgray/CatGrayWiki/logo/ip/model_3d/qa/animation_frames/frame_0188.png'
03:42.698  render           | Saved: '/Volumes/CatDisk/codes/catgray/CatGrayWiki/logo/ip/model_3d/qa/animation_frames/frame_0189.png'
03:43.784  render           | Saved: '/Volumes/CatDisk/codes/catgray/CatGrayWiki/logo/ip/model_3d/qa/animation_frames/frame_0190.png'
03:44.868  render           | Saved: '/Volumes/CatDisk/codes/catgray/CatGrayWiki/logo/ip/model_3d/qa/animation_frames/frame_0191.png'
03:45.924  render           | Saved: '/Volumes/CatDisk/codes/catgray/CatGrayWiki/logo/ip/model_3d/qa/animation_frames/frame_0192.png'
03:47.012  render           | Saved: '/Volumes/CatDisk/codes/catgray/CatGrayWiki/logo/ip/model_3d/qa/animation_frames/frame_0193.png'
03:48.095  render           | Saved: '/Volumes/CatDisk/codes/catgray/CatGrayWiki/logo/ip/model_3d/qa/animation_frames/frame_0194.png'
03:49.243  render           | Saved: '/Volumes/CatDisk/codes/catgray/CatGrayWiki/logo/ip/model_3d/qa/animation_frames/frame_0195.png'
03:50.384  render           | Saved: '/Volumes/CatDisk/codes/catgray/CatGrayWiki/logo/ip/model_3d/qa/animation_frames/frame_0196.png'
03:51.664  render           | Saved: '/Volumes/CatDisk/codes/catgray/CatGrayWiki/logo/ip/model_3d/qa/animation_frames/frame_0197.png'
03:52.867  render           | Saved: '/Volumes/CatDisk/codes/catgray/CatGrayWiki/logo/ip/model_3d/qa/animation_frames/frame_0198.png'
03:54.083  render           | Saved: '/Volumes/CatDisk/codes/catgray/CatGrayWiki/logo/ip/model_3d/qa/animation_frames/frame_0199.png'
03:55.307  render           | Saved: '/Volumes/CatDisk/codes/catgray/CatGrayWiki/logo/ip/model_3d/qa/animation_frames/frame_0200.png'
03:56.460  render           | Saved: '/Volumes/CatDisk/codes/catgray/CatGrayWiki/logo/ip/model_3d/qa/animation_frames/frame_0201.png'
03:57.563  render           | Saved: '/Volumes/CatDisk/codes/catgray/CatGrayWiki/logo/ip/model_3d/qa/animation_frames/frame_0202.png'
03:58.689  render           | Saved: '/Volumes/CatDisk/codes/catgray/CatGrayWiki/logo/ip/model_3d/qa/animation_frames/frame_0203.png'
03:59.842  render           | Saved: '/Volumes/CatDisk/codes/catgray/CatGrayWiki/logo/ip/model_3d/qa/animation_frames/frame_0204.png'
04:00.985  render           | Saved: '/Volumes/CatDisk/codes/catgray/CatGrayWiki/logo/ip/model_3d/qa/animation_frames/frame_0205.png'
04:02.094  render           | Saved: '/Volumes/CatDisk/codes/catgray/CatGrayWiki/logo/ip/model_3d/qa/animation_frames/frame_0206.png'
04:03.235  render           | Saved: '/Volumes/CatDisk/codes/catgray/CatGrayWiki/logo/ip/model_3d/qa/animation_frames/frame_0207.png'
04:04.352  render           | Saved: '/Volumes/CatDisk/codes/catgray/CatGrayWiki/logo/ip/model_3d/qa/animation_frames/frame_0208.png'
04:05.456  render           | Saved: '/Volumes/CatDisk/codes/catgray/CatGrayWiki/logo/ip/model_3d/qa/animation_frames/frame_0209.png'
04:06.579  render           | Saved: '/Volumes/CatDisk/codes/catgray/CatGrayWiki/logo/ip/model_3d/qa/animation_frames/frame_0210.png'
04:07.658  render           | Saved: '/Volumes/CatDisk/codes/catgray/CatGrayWiki/logo/ip/model_3d/qa/animation_frames/frame_0211.png'
04:08.801  render           | Saved: '/Volumes/CatDisk/codes/catgray/CatGrayWiki/logo/ip/model_3d/qa/animation_frames/frame_0212.png'
04:09.937  render           | Saved: '/Volumes/CatDisk/codes/catgray/CatGrayWiki/logo/ip/model_3d/qa/animation_frames/frame_0213.png'
04:11.008  render           | Saved: '/Volumes/CatDisk/codes/catgray/CatGrayWiki/logo/ip/model_3d/qa/animation_frames/frame_0214.png'
04:12.121  render           | Saved: '/Volumes/CatDisk/codes/catgray/CatGrayWiki/logo/ip/model_3d/qa/animation_frames/frame_0215.png'
04:13.237  render           | Saved: '/Volumes/CatDisk/codes/catgray/CatGrayWiki/logo/ip/model_3d/qa/animation_frames/frame_0216.png'
04:14.339  render           | Saved: '/Volumes/CatDisk/codes/catgray/CatGrayWiki/logo/ip/model_3d/qa/animation_frames/frame_0217.png'
04:15.448  render           | Saved: '/Volumes/CatDisk/codes/catgray/CatGrayWiki/logo/ip/model_3d/qa/animation_frames/frame_0218.png'
04:16.639  render           | Saved: '/Volumes/CatDisk/codes/catgray/CatGrayWiki/logo/ip/model_3d/qa/animation_frames/frame_0219.png'
04:17.774  render           | Saved: '/Volumes/CatDisk/codes/catgray/CatGrayWiki/logo/ip/model_3d/qa/animation_frames/frame_0220.png'
04:18.929  render           | Saved: '/Volumes/CatDisk/codes/catgray/CatGrayWiki/logo/ip/model_3d/qa/animation_frames/frame_0221.png'
04:20.062  render           | Saved: '/Volumes/CatDisk/codes/catgray/CatGrayWiki/logo/ip/model_3d/qa/animation_frames/frame_0222.png'
04:21.272  render           | Saved: '/Volumes/CatDisk/codes/catgray/CatGrayWiki/logo/ip/model_3d/qa/animation_frames/frame_0223.png'
04:22.393  render           | Saved: '/Volumes/CatDisk/codes/catgray/CatGrayWiki/logo/ip/model_3d/qa/animation_frames/frame_0224.png'
04:23.549  render           | Saved: '/Volumes/CatDisk/codes/catgray/CatGrayWiki/logo/ip/model_3d/qa/animation_frames/frame_0225.png'
04:24.687  render           | Saved: '/Volumes/CatDisk/codes/catgray/CatGrayWiki/logo/ip/model_3d/qa/animation_frames/frame_0226.png'
04:25.806  render           | Saved: '/Volumes/CatDisk/codes/catgray/CatGrayWiki/logo/ip/model_3d/qa/animation_frames/frame_0227.png'
04:26.925  render           | Saved: '/Volumes/CatDisk/codes/catgray/CatGrayWiki/logo/ip/model_3d/qa/animation_frames/frame_0228.png'
04:28.067  render           | Saved: '/Volumes/CatDisk/codes/catgray/CatGrayWiki/logo/ip/model_3d/qa/animation_frames/frame_0229.png'
04:29.247  render           | Saved: '/Volumes/CatDisk/codes/catgray/CatGrayWiki/logo/ip/model_3d/qa/animation_frames/frame_0230.png'
04:30.367  render           | Saved: '/Volumes/CatDisk/codes/catgray/CatGrayWiki/logo/ip/model_3d/qa/animation_frames/frame_0231.png'
04:31.520  render           | Saved: '/Volumes/CatDisk/codes/catgray/CatGrayWiki/logo/ip/model_3d/qa/animation_frames/frame_0232.png'
04:32.634  render           | Saved: '/Volumes/CatDisk/codes/catgray/CatGrayWiki/logo/ip/model_3d/qa/animation_frames/frame_0233.png'
04:33.753  render           | Saved: '/Volumes/CatDisk/codes/catgray/CatGrayWiki/logo/ip/model_3d/qa/animation_frames/frame_0234.png'
04:34.884  render           | Saved: '/Volumes/CatDisk/codes/catgray/CatGrayWiki/logo/ip/model_3d/qa/animation_frames/frame_0235.png'
04:36.004  render           | Saved: '/Volumes/CatDisk/codes/catgray/CatGrayWiki/logo/ip/model_3d/qa/animation_frames/frame_0236.png'
04:37.146  render           | Saved: '/Volumes/CatDisk/codes/catgray/CatGrayWiki/logo/ip/model_3d/qa/animation_frames/frame_0237.png'
04:38.276  render           | Saved: '/Volumes/CatDisk/codes/catgray/CatGrayWiki/logo/ip/model_3d/qa/animation_frames/frame_0238.png'
04:39.400  render           | Saved: '/Volumes/CatDisk/codes/catgray/CatGrayWiki/logo/ip/model_3d/qa/animation_frames/frame_0239.png'
04:40.530  render           | Saved: '/Volumes/CatDisk/codes/catgray/CatGrayWiki/logo/ip/model_3d/qa/animation_frames/frame_0240.png'
Traceback (most recent call last):
  File "/Volumes/CatDisk/codes/catgray/CatGrayWiki/logo/ip/model_3d/render_animations.py", line 38, in <module>
    strip=editor.strips.new_image('CatGray animation',str(FRAMES/'frame_0001.png'),channel=1,frame_start=1)
    ^^^^^^^^^^^^^^^^^^^^^^^^^^^^^^^^^^^^^^^^^^
TypeError: bpy_struct: item.attr = val: enum "FFMPEG" not found in ('AVIF', 'JPEG', 'OPEN_EXR', 'PNG', 'WEBP', 'BMP', 'CINEON', 'DPX', 'IRIS', 'JPEG2000', 'HDR', 'TARGA', 'TARGA_RAW', 'TIFF')

Error: script failed, file: 'logo/ip/model_3d/render_animations.py', exiting.
Blender 5.2.1 LTS (hash 9e2066aef7ef built 2026-08-25 01:35:57)

Blender quit
