00:00.063  translation      | WARNING Falling back to standard locale ("C")
00:00.262  blend            | Read blend: "/Volumes/CatDisk/codes/catgray/CatGrayWiki/logo/ip/model_3d/CatGray_IP.blend"
ENCODE_VIDEO Idle_Breathe
00:03.471  render           | Video append frame 1
00:03.477  render           | Video append frame 2
00:03.482  render           | Video append frame 3
00:03.488  render           | Video append frame 4
00:03.494  render           | Video append frame 5
00:03.500  render           | Video append frame 6
00:03.506  render           | Video append frame 7
00:03.512  render           | Video append frame 8
00:03.518  render           | Video append frame 9
00:03.524  render           | Video append frame 10
00:03.529  render           | Video append frame 11
00:03.535  render           | Video append frame 12
00:03.541  render           | Video append frame 13
00:03.547  render           | Video append frame 14
00:03.556  render           | Video append frame 15
00:03.562  render           | Video append frame 16
00:03.567  render           | Video append frame 17
00:03.573  render           | Video append frame 18
00:03.579  render           | Video append frame 19
00:03.585  render           | Video append frame 20
00:03.592  render           | Video append frame 21
00:03.598  render           | Video append frame 22
00:03.605  render           | Video append frame 23
00:03.612  render           | Video append frame 24
00:03.618  render           | Video append frame 25
00:03.625  render           | Video append frame 26
00:03.632  render           | Video append frame 27
00:03.641  render           | Video append frame 28
00:03.647  render           | Video append frame 29
00:03.654  render           | Video append frame 30
00:03.660  render           | Video append frame 31
00:03.667  render           | Video append frame 32
00:03.673  render           | Video append frame 33
00:03.680  render           | Video append frame 34
00:03.686  render           | Video append frame 35
00:03.693  render           | Video append frame 36
00:03.699  render           | Video append frame 37
00:03.705  render           | Video append frame 38
00:03.712  render           | Video append frame 39
00:03.718  render           | Video append frame 40
00:03.727  render           | Video append frame 41
00:03.733  render           | Video append frame 42
00:03.739  render           | Video append frame 43
00:03.746  render           | Video append frame 44
00:03.752  render           | Video append frame 45
00:03.758  render           | Video append frame 46
00:03.764  render           | Video append frame 47
00:03.771  render           | Video append frame 48
00:03.777  render           | Video append frame 49
00:03.783  render           | Video append frame 50
00:03.789  render           | Video append frame 51
00:03.796  render           | Video append frame 52
00:03.802  render           | Video append frame 53
00:03.811  render           | Video append frame 54
00:03.817  render           | Video append frame 55
00:03.824  render           | Video append frame 56
00:03.830  render           | Video append frame 57
00:03.837  render           | Video append frame 58
00:03.843  render           | Video append frame 59
00:03.850  render           | Video append frame 60
00:03.856  render           | Video append frame 61
00:03.862  render           | Video append frame 62
00:03.869  render           | Video append frame 63
00:03.875  render           | Video append frame 64
00:03.882  render           | Video append frame 65
00:03.888  render           | Video append frame 66
00:03.897  render           | Video append frame 67
00:03.903  render           | Video append frame 68
00:03.909  render           | Video append frame 69
00:03.916  render           | Video append frame 70
00:03.922  render           | Video append frame 71
00:03.928  render           | Video append frame 72
ENCODE_VIDEO Wave
00:04.309  render           | Video append frame 73
00:04.315  render           | Video append frame 74
00:04.321  render           | Video append frame 75
00:04.326  render           | Video append frame 76
00:04.332  render           | Video append frame 77
00:04.338  render           | Video append frame 78
00:04.343  render           | Video append frame 79
00:04.349  render           | Video append frame 80
00:04.355  render           | Video append frame 81
00:04.360  render           | Video append frame 82
00:04.366  render           | Video append frame 83
00:04.372  render           | Video append frame 84
00:04.378  render           | Video append frame 85
00:04.384  render           | Video append frame 86
00:04.390  render           | Video append frame 87
00:04.395  render           | Video append frame 88
00:04.401  render           | Video append frame 89
00:04.407  render           | Video append frame 90
00:04.413  render           | Video append frame 91
00:04.418  render           | Video append frame 92
00:04.425  render           | Video append frame 93
00:04.431  render           | Video append frame 94
00:04.438  render           | Video append frame 95
00:04.445  render           | Video append frame 96
00:04.452  render           | Video append frame 97
00:04.459  render           | Video append frame 98
00:04.465  render           | Video append frame 99
00:04.472  render           | Video append frame 100
00:04.478  render           | Video append frame 101
00:04.485  render           | Video append frame 102
00:04.491  render           | Video append frame 103
00:04.498  render           | Video append frame 104
00:04.505  render           | Video append frame 105
00:04.511  render           | Video append frame 106
00:04.518  render           | Video append frame 107
00:04.524  render           | Video append frame 108
00:04.531  render           | Video append frame 109
00:04.541  render           | Video append frame 110
00:04.548  render           | Video append frame 111
00:04.554  render           | Video append frame 112
00:04.561  render           | Video append frame 113
00:04.568  render           | Video append frame 114
00:04.576  render           | Video append frame 115
00:04.583  render           | Video append frame 116
00:04.590  render           | Video append frame 117
00:04.597  render           | Video append frame 118
00:04.603  render           | Video append frame 119
00:04.610  render           | Video append frame 120
00:04.621  render           | Video append frame 121
00:04.628  render           | Video append frame 122
00:04.635  render           | Video append frame 123
00:04.643  render           | Video append frame 124
00:04.650  render           | Video append frame 125
00:04.657  render           | Video append frame 126
00:04.665  render           | Video append frame 127
00:04.671  render           | Video append frame 128
00:04.678  render           | Video append frame 129
00:04.684  render           | Video append frame 130
00:04.694  render           | Video append frame 131
00:04.701  render           | Video append frame 132
00:04.709  render           | Video append frame 133
00:04.716  render           | Video append frame 134
00:04.724  render           | Video append frame 135
00:04.731  render           | Video append frame 136
00:04.737  render           | Video append frame 137
00:04.744  render           | Video append frame 138
00:04.750  render           | Video append frame 139
00:04.757  render           | Video append frame 140
00:04.763  render           | Video append frame 141
00:04.770  render           | Video append frame 142
00:04.776  render           | Video append frame 143
00:04.784  render           | Video append frame 144
00:04.791  render           | Video append frame 145
00:04.797  render           | Video append frame 146
00:04.803  render           | Video append frame 147
00:04.809  render           | Video append frame 148
00:04.816  render           | Video append frame 149
00:04.822  render           | Video append frame 150
00:04.829  render           | Video append frame 151
00:04.835  render           | Video append frame 152
00:04.841  render           | Video append frame 153
00:04.848  render           | Video append frame 154
00:04.854  render           | Video append frame 155
00:04.861  render           | Video append frame 156
00:04.869  render           | Video append frame 157
00:04.876  render           | Video append frame 158
00:04.883  render           | Video append frame 159
00:04.889  render           | Video append frame 160
00:04.895  render           | Video append frame 161
00:04.902  render           | Video append frame 162
00:04.909  render           | Video append frame 163
00:04.915  render           | Video append frame 164
00:04.921  render           | Video append frame 165
00:04.927  render           | Video append frame 166
00:04.934  render           | Video append frame 167
00:04.940  render           | Video append frame 168
ENCODE_VIDEO Walk_InPlace
00:05.329  render           | Video append frame 169
00:05.338  render           | Video append frame 170
00:05.344  render           | Video append frame 171
00:05.350  render           | Video append frame 172
00:05.356  render           | Video append frame 173
00:05.361  render           | Video append frame 174
00:05.367  render           | Video append frame 175
00:05.373  render           | Video append frame 176
00:05.379  render           | Video append frame 177
00:05.384  render           | Video append frame 178
00:05.390  render           | Video append frame 179
00:05.396  render           | Video append frame 180
00:05.402  render           | Video append frame 181
00:05.408  render           | Video append frame 182
00:05.413  render           | Video append frame 183
00:05.419  render           | Video append frame 184
00:05.425  render           | Video append frame 185
00:05.430  render           | Video append frame 186
00:05.436  render           | Video append frame 187
00:05.442  render           | Video append frame 188
00:05.448  render           | Video append frame 189
00:05.457  render           | Video append frame 190
00:05.465  render           | Video append frame 191
00:05.472  render           | Video append frame 192
00:05.479  render           | Video append frame 193
00:05.485  render           | Video append frame 194
00:05.492  render           | Video append frame 195
00:05.499  render           | Video append frame 196
00:05.506  render           | Video append frame 197
00:05.513  render           | Video append frame 198
00:05.519  render           | Video append frame 199
00:05.527  render           | Video append frame 200
00:05.534  render           | Video append frame 201
00:05.542  render           | Video append frame 202
00:05.550  render           | Video append frame 203
00:05.559  render           | Video append frame 204
00:05.567  render           | Video append frame 205
00:05.575  render           | Video append frame 206
00:05.583  render           | Video append frame 207
00:05.589  render           | Video append frame 208
00:05.596  render           | Video append frame 209
00:05.602  render           | Video append frame 210
00:05.614  render           | Video append frame 211
00:05.620  render           | Video append frame 212
00:05.626  render           | Video append frame 213
00:05.633  render           | Video append frame 214
00:05.640  render           | Video append frame 215
00:05.646  render           | Video append frame 216
00:05.653  render           | Video append frame 217
00:05.659  render           | Video append frame 218
00:05.665  render           | Video append frame 219
00:05.672  render           | Video append frame 220
00:05.678  render           | Video append frame 221
00:05.685  render           | Video append frame 222
00:05.692  render           | Video append frame 223
00:05.699  render           | Video append frame 224
00:05.705  render           | Video append frame 225
00:05.712  render           | Video append frame 226
00:05.718  render           | Video append frame 227
00:05.725  render           | Video append frame 228
00:05.731  render           | Video append frame 229
00:05.738  render           | Video append frame 230
00:05.744  render           | Video append frame 231
00:05.751  render           | Video append frame 232
00:05.757  render           | Video append frame 233
00:05.764  render           | Video append frame 234
00:05.770  render           | Video append frame 235
00:05.776  render           | Video append frame 236
00:05.783  render           | Video append frame 237
00:05.789  render           | Video append frame 238
00:05.795  render           | Video append frame 239
00:05.802  render           | Video append frame 240
ENCODE_VIDEO CatGray_Animation_Preview
00:06.176  render           | Video append frame 1
00:06.177  render           | Video append frame 2
00:06.177  render           | Video append frame 3
00:06.178  render           | Video append frame 4
00:06.178  render           | Video append frame 5
00:06.179  render           | Video append frame 6
00:06.180  render           | Video append frame 7
00:06.180  render           | Video append frame 8
00:06.181  render           | Video append frame 9
00:06.182  render           | Video append frame 10
00:06.182  render           | Video append frame 11
00:06.183  render           | Video append frame 12
00:06.184  render           | Video append frame 13
00:06.184  render           | Video append frame 14
00:06.185  render           | Video append frame 15
00:06.186  render           | Video append frame 16
00:06.187  render           | Video append frame 17
00:06.187  render           | Video append frame 18
00:06.188  render           | Video append frame 19
00:06.189  render           | Video append frame 20
00:06.191  render           | Video append frame 21
00:06.192  render           | Video append frame 22
00:06.193  render           | Video append frame 23
00:06.194  render           | Video append frame 24
00:06.195  render           | Video append frame 25
00:06.197  render           | Video append frame 26
00:06.199  render           | Video append frame 27
00:06.200  render           | Video append frame 28
00:06.201  render           | Video append frame 29
00:06.202  render           | Video append frame 30
00:06.203  render           | Video append frame 31
00:06.205  render           | Video append frame 32
00:06.206  render           | Video append frame 33
00:06.207  render           | Video append frame 34
00:06.208  render           | Video append frame 35
00:06.211  render           | Video append frame 36
00:06.212  render           | Video append frame 37
00:06.215  render           | Video append frame 38
00:06.216  render           | Video append frame 39
00:06.217  render           | Video append frame 40
00:06.219  render           | Video append frame 41
00:06.220  render           | Video append frame 42
00:06.221  render           | Video append frame 43
00:06.222  render           | Video append frame 44
00:06.223  render           | Video append frame 45
00:06.224  render           | Video append frame 46
00:06.225  render           | Video append frame 47
00:06.226  render           | Video append frame 48
00:06.227  render           | Video append frame 49
00:06.228  render           | Video append frame 50
00:06.229  render           | Video append frame 51
00:06.230  render           | Video append frame 52
00:06.231  render           | Video append frame 53
00:06.232  render           | Video append frame 54
00:06.233  render           | Video append frame 55
00:06.234  render           | Video append frame 56
00:06.236  render           | Video append frame 57
00:06.237  render           | Video append frame 58
00:06.237  render           | Video append frame 59
00:06.238  render           | Video append frame 60
00:06.239  render           | Video append frame 61
00:06.241  render           | Video append frame 62
00:06.243  render           | Video append frame 63
00:06.246  render           | Video append frame 64
00:06.247  render           | Video append frame 65
00:06.249  render           | Video append frame 66
00:06.251  render           | Video append frame 67
00:06.252  render           | Video append frame 68
00:06.253  render           | Video append frame 69
00:06.254  render           | Video append frame 70
00:06.254  render           | Video append frame 71
00:06.255  render           | Video append frame 72
00:06.256  render           | Video append frame 73
00:06.257  render           | Video append frame 74
00:06.258  render           | Video append frame 75
00:06.259  render           | Video append frame 76
00:06.259  render           | Video append frame 77
00:06.261  render           | Video append frame 78
00:06.262  render           | Video append frame 79
00:06.263  render           | Video append frame 80
00:06.264  render           | Video append frame 81
00:06.265  render           | Video append frame 82
00:06.266  render           | Video append frame 83
00:06.267  render           | Video append frame 84
00:06.268  render           | Video append frame 85
00:06.269  render           | Video append frame 86
00:06.271  render           | Video append frame 87
00:06.272  render           | Video append frame 88
00:06.273  render           | Video append frame 89
00:06.273  render           | Video append frame 90
00:06.274  render           | Video append frame 91
00:06.274  render           | Video append frame 92
00:06.276  render           | Video append frame 93
00:06.276  render           | Video append frame 94
00:06.277  render           | Video append frame 95
00:06.278  render           | Video append frame 96
00:06.279  render           | Video append frame 97
00:06.280  render           | Video append frame 98
00:06.282  render           | Video append frame 99
00:06.283  render           | Video append frame 100
00:06.285  render           | Video append frame 101
00:06.287  render           | Video append frame 102
00:06.288  render           | Video append frame 103
00:06.289  render           | Video append frame 104
00:06.290  render           | Video append frame 105
00:06.291  render           | Video append frame 106
00:06.292  render           | Video append frame 107
00:06.292  render           | Video append frame 108
00:06.293  render           | Video append frame 109
00:06.294  render           | Video append frame 110
00:06.295  render           | Video append frame 111
00:06.296  render           | Video append frame 112
00:06.298  render           | Video append frame 113
00:06.299  render           | Video append frame 114
00:06.301  render           | Video append frame 115
00:06.303  render           | Video append frame 116
00:06.306  render           | Video append frame 117
00:06.307  render           | Video append frame 118
00:06.310  render           | Video append frame 119
00:06.311  render           | Video append frame 120
00:06.312  render           | Video append frame 121
00:06.314  render           | Video append frame 122
00:06.315  render           | Video append frame 123
00:06.316  render           | Video append frame 124
00:06.317  render           | Video append frame 125
00:06.318  render           | Video append frame 126
00:06.319  render           | Video append frame 127
00:06.320  render           | Video append frame 128
00:06.321  render           | Video append frame 129
00:06.322  render           | Video append frame 130
00:06.323  render           | Video append frame 131
00:06.323  render           | Video append frame 132
00:06.324  render           | Video append frame 133
00:06.325  render           | Video append frame 134
00:06.326  render           | Video append frame 135
00:06.327  render           | Video append frame 136
00:06.327  render           | Video append frame 137
00:06.328  render           | Video append frame 138
00:06.329  render           | Video append frame 139
00:06.330  render           | Video append frame 140
00:06.331  render           | Video append frame 141
00:06.332  render           | Video append frame 142
00:06.333  render           | Video append frame 143
00:06.334  render           | Video append frame 144
00:06.335  render           | Video append frame 145
00:06.336  render           | Video append frame 146
00:06.337  render           | Video append frame 147
00:06.338  render           | Video append frame 148
00:06.339  render           | Video append frame 149
00:06.340  render           | Video append frame 150
00:06.341  render           | Video append frame 151
00:06.341  render           | Video append frame 152
00:06.342  render           | Video append frame 153
00:06.344  render           | Video append frame 154
00:06.345  render           | Video append frame 155
00:06.346  render           | Video append frame 156
00:06.346  render           | Video append frame 157
00:06.347  render           | Video append frame 158
00:06.348  render           | Video append frame 159
00:06.349  render           | Video append frame 160
00:06.350  render           | Video append frame 161
00:06.351  render           | Video append frame 162
00:06.352  render           | Video append frame 163
00:06.353  render           | Video append frame 164
00:06.354  render           | Video append frame 165
00:06.355  render           | Video append frame 166
00:06.356  render           | Video append frame 167
00:06.357  render           | Video append frame 168
00:06.358  render           | Video append frame 169
00:06.359  render           | Video append frame 170
00:06.361  render           | Video append frame 171
00:06.362  render           | Video append frame 172
00:06.362  render           | Video append frame 173
00:06.363  render           | Video append frame 174
00:06.364  render           | Video append frame 175
00:06.365  render           | Video append frame 176
00:06.366  render           | Video append frame 177
00:06.367  render           | Video append frame 178
00:06.368  render           | Video append frame 179
00:06.369  render           | Video append frame 180
00:06.370  render           | Video append frame 181
00:06.371  render           | Video append frame 182
00:06.372  render           | Video append frame 183
00:06.373  render           | Video append frame 184
00:06.375  render           | Video append frame 185
00:06.376  render           | Video append frame 186
00:06.378  render           | Video append frame 187
00:06.379  render           | Video append frame 188
00:06.383  render           | Video append frame 189
00:06.385  render           | Video append frame 190
00:06.386  render           | Video append frame 191
00:06.388  render           | Video append frame 192
00:06.389  render           | Video append frame 193
00:06.390  render           | Video append frame 194
00:06.391  render           | Video append frame 195
00:06.392  render           | Video append frame 196
00:06.393  render           | Video append frame 197
00:06.394  render           | Video append frame 198
00:06.395  render           | Video append frame 199
00:06.396  render           | Video append frame 200
00:06.397  render           | Video append frame 201
00:06.398  render           | Video append frame 202
00:06.400  render           | Video append frame 203
00:06.401  render           | Video append frame 204
00:06.402  render           | Video append frame 205
00:06.404  render           | Video append frame 206
00:06.406  render           | Video append frame 207
00:06.408  render           | Video append frame 208
00:06.409  render           | Video append frame 209
00:06.411  render           | Video append frame 210
00:06.412  render           | Video append frame 211
00:06.413  render           | Video append frame 212
00:06.414  render           | Video append frame 213
00:06.415  render           | Video append frame 214
00:06.416  render           | Video append frame 215
00:06.417  render           | Video append frame 216
00:06.418  render           | Video append frame 217
00:06.419  render           | Video append frame 218
00:06.420  render           | Video append frame 219
00:06.421  render           | Video append frame 220
00:06.422  render           | Video append frame 221
00:06.424  render           | Video append frame 222
00:06.425  render           | Video append frame 223
00:06.426  render           | Video append frame 224
00:06.427  render           | Video append frame 225
00:06.429  render           | Video append frame 226
00:06.431  render           | Video append frame 227
00:06.432  render           | Video append frame 228
00:06.433  render           | Video append frame 229
00:06.435  render           | Video append frame 230
00:06.436  render           | Video append frame 231
00:06.437  render           | Video append frame 232
00:06.438  render           | Video append frame 233
00:06.440  render           | Video append frame 234
00:06.440  render           | Video append frame 235
00:06.441  render           | Video append frame 236
00:06.442  render           | Video append frame 237
00:06.443  render           | Video append frame 238
00:06.444  render           | Video append frame 239
00:06.446  render           | Video append frame 240
/Volumes/CatDisk/codes/catgray/CatGrayWiki/logo/ip/model_3d/render_animations.py:71: DeprecationWarning: 'MovieStrip.frame_duration' is expected to be removed in Blender 6.0
  item['decoded_frames']=int(movie.frame_duration)
00:06.870  render           | Saved: '/Volumes/CatDisk/codes/catgray/CatGrayWiki/logo/ip/model_3d/qa/video_decoded_wave.png'
ANIMATION_VIDEOS_COMPLETE [{"file": "animations/Idle_Breathe.mp4", "frames": 72, "duration_seconds": 3.0, "resolution": [720, 720], "bytes": 179545, "decoded_frames": 72}, {"file": "animations/Wave.mp4", "frames": 96, "duration_seconds": 4.0, "resolution": [720, 720], "bytes": 247826, "decoded_frames": 96}, {"file": "animations/Walk_InPlace.mp4", "frames": 72, "duration_seconds": 3.0, "resolution": [720, 720], "bytes": 200445, "decoded_frames": 72}, {"file": "animations/CatGray_Animation_Preview.mp4", "frames": 240, "duration_seconds": 10.0, "resolution": [720, 720], "bytes": 645912, "decoded_frames": 240}]
Blender 5.2.1 LTS (hash 9e2066aef7ef built 2026-08-25 01:35:57)

Blender quit
