00:00.073  translation      | WARNING Falling back to standard locale ("C")
00:00.365  blend            | Read blend: "/Volumes/CatDisk/codes/catgray/CatGrayWiki/logo/ip/model_3d/revisions/v7/CatGray_IP.blend"
OBJECT Head • continuous shaped surface MESH 46039 [0.0, 0.0, 0.21074999868869781] []
OBJECT Ear L • reference gray shell and smaller pink inset MESH 8194 [0.0, 0.0, 0.21074999868869781] ['SUBSURF']
OBJECT Ear R • reference gray shell and smaller pink inset MESH 8194 [0.0, 0.0, 0.21074999868869781] ['SUBSURF']
OBJECT Eye L • charcoal socket MESH 1152 [0.0, 0.0, 0.21074999868869781] []
OBJECT Eye L • amber outer edge MESH 1152 [0.0, 0.0, 0.21074999868869781] []
OBJECT Eye L • orange iris MESH 1152 [0.0, 0.0, 0.21074999868869781] []
OBJECT Eye L • pupil MESH 1152 [0.0, 0.0, 0.21074999868869781] []
OBJECT Eye L • honey crescent CURVE  [0.0, 0.0, 0.21074999868869781] []
OBJECT Eye L • catchlight 1 MESH 922 [-0.972000002861023, -1.1533905267715454, 3.169750213623047] []
OBJECT Eye L • catchlight 2 MESH 922 [-0.5600000023841858, -1.498042345046997, 2.910750150680542] []
OBJECT Eye R • charcoal socket MESH 1152 [0.0, 0.0, 0.21074999868869781] []
OBJECT Eye R • amber outer edge MESH 1152 [0.0, 0.0, 0.21074999868869781] []
OBJECT Eye R • orange iris MESH 1152 [0.0, 0.0, 0.21074999868869781] []
OBJECT Eye R • pupil MESH 1152 [0.0, 0.0, 0.21074999868869781] []
OBJECT Eye R • honey crescent CURVE  [0.0, 0.0, 0.21074999868869781] []
OBJECT Eye R • catchlight 1 MESH 922 [0.9800000190734863, -1.1483556032180786, 3.169750213623047] []
OBJECT Eye R • catchlight 2 MESH 922 [0.9800000190734863, -1.259584665298462, 2.910750150680542] []
OBJECT Face • little charcoal nose MESH 720 [0.0, 0.0, 0.21074999868869781] []
OBJECT Face • pink tongue MESH 720 [0.0, 0.0, 0.21074999868869781] []
OBJECT Face • pink tongue • perimeter CURVE  [0.0, 0.0, 0.21074999868869781] []
OBJECT Face • philtrum CURVE  [0.0, 0.0, 0.21074999868869781] []
OBJECT Face • smile L CURVE  [0.0, 0.0, 0.21074999868869781] []
OBJECT Face • smile R CURVE  [0.0, 0.0, 0.21074999868869781] []
OBJECT Body • continuous bare skin and painted oval belly MESH 40936 [0.0, 0.0, 0.0] ['SUBSURF']
OBJECT Arm L • independent rounded limb MESH 1312 [-0.5350000262260437, 0.028999999165534973, 1.5812499523162842] ['SUBSURF']
OBJECT Arm R • independent rounded limb MESH 1312 [0.5350000262260437, 0.028999999165534973, 1.5812499523162842] ['SUBSURF']
OBJECT Tail • continuous upright curl CURVE  [0.0, 0.0, 0.0] []
OBJECT Tail • rounded tip MESH 1490 [-1.1016000509262085, 1.7278000116348267, 1.3799999952316284] []
OBJECT CATGRAY_IP • Model root EMPTY  [0.0, 0.0, 0.0] []
EXPORT_API export_apply False 
EXPORT_API export_animations True 
EXPORT_API export_pointer_animation False 
EXPORT_API export_animation_mode ACTIONS ['ACTIONS', 'ACTIVE_ACTIONS', 'BROADCAST', 'NLA_TRACKS', 'SCENE']
EXPORT_API export_nla_strips_merged_animation_name Animation 
EXPORT_API export_def_bones False 
EXPORT_API export_hierarchy_flatten_bones False 
EXPORT_API export_leaf_bone False 
EXPORT_API export_optimize_animation_size True 
EXPORT_API export_optimize_animation_keep_anim_armature True 
EXPORT_API export_optimize_animation_keep_anim_object False 
EXPORT_API export_anim_slide_to_zero False 
EXPORT_API export_bake_animation False 
EXPORT_API export_merge_animation ACTION ['NLA_TRACK', 'ACTION', 'NONE']
EXPORT_API export_anim_single_armature True 
EXPORT_API export_reset_pose_bones True 
EXPORT_API export_anim_scene_split_object True 
EXPORT_API export_influence_nb 4 
EXPORT_API export_all_influences False 
EXPORT_API export_morph_animation True 
EXPORT_API export_convert_animation_pointer False 
EXPORT_API export_extra_animations False 
RENDER_FORMATS ['AVIF', 'JPEG', 'OPEN_EXR', 'PNG', 'WEBP', 'BMP', 'CINEON', 'DPX', 'IRIS', 'JPEG2000', 'HDR', 'TARGA', 'TARGA_RAW', 'TIFF', 'OPEN_EXR_MULTILAYER', 'FFMPEG']
FFMPEG True True
SEQUENCE_API ['strips']
EEVEE_OPTIONS ['rna_type', 'gi_diffuse_bounces', 'gi_cubemap_resolution', 'gi_visibility_resolution', 'gi_glossy_clamp', 'gi_irradiance_pool_size', 'taa_samples', 'taa_render_samples', 'use_taa_reprojection', 'ray_tracing_method', 'use_shadow_jitter_viewport', 'clamp_surface_direct', 'clamp_surface_indirect', 'clamp_volume_direct', 'clamp_volume_indirect', 'direct_light_intensity', 'indirect_light_intensity', 'volumetric_start', 'volumetric_end', 'volumetric_tile_size', 'volumetric_samples', 'volumetric_sample_distribution', 'volumetric_ray_depth', 'volumetric_light_clamp', 'use_volumetric_shadows', 'volumetric_shadow_samples', 'use_volume_custom_range', 'use_fast_gi', 'fast_gi_thickness_near', 'fast_gi_quality', 'fast_gi_step_count', 'fast_gi_ray_count', 'fast_gi_method', 'fast_gi_distance', 'fast_gi_bias', 'fast_gi_resolution', 'bokeh_max_size', 'bokeh_threshold', 'bokeh_neighbor_max', 'use_bokeh_jittered', 'bokeh_overblur', 'motion_blur_depth_scale', 'motion_blur_max', 'motion_blur_steps', 'use_shadows', 'shadow_pool_size', 'shadow_ray_count', 'shadow_step_count', 'light_threshold', 'use_overscan', 'overscan_size', 'ray_tracing_options', 'use_raytracing', 'shadow_resolution_scale']
Blender 5.2.1 LTS (hash 9e2066aef7ef built 2026-08-25 01:35:57)

Blender quit
